// Vitest Snapshot v1, https://vitest.dev/guide/snapshot.html

exports[`<Logo /> > should render a snapshot 1`] = `
<div>
  <a
    class="text-2xl font-black uppercase sm:block"
    href="/"
  >
    <h1>
      shop.co
    </h1>
  </a>
</div>
`;
